// Jest Snapshot v1, https://goo.gl/fbAQLP

exports[`Security Stage view Basic render, selection and setup stage 1`] = `
<div>
  <p
    class="StyledProps--font StyledProps--main"
  >
    Coming Soon!
  </p>
</div>
`;
