// Jest Snapshot v1, https://goo.gl/fbAQLP

exports[`<StepTemplateDiagram /> tests snapshot test when step type is not set 1`] = `
<div>
  <div
    class="StyledProps--font StyledProps--main container StyledProps--background-form StyledProps--padding-left-huge StyledProps--padding-right-huge"
    style="width: 100%;"
  >
    <div
      class="Layout--vertical Layout--layout-spacing-small StyledProps--main StyledProps--flex StyledProps--flex-justifyContent-center StyledProps--flex-alignItems-flex-start"
      style="height: 100%;"
    >
      <p
        class="StyledProps--font StyledProps--main StyledProps--font-size-small StyledProps--font-weight-semi-bold StyledProps--color StyledProps--color-grey600"
      >
        stepType
      </p>
      <div
        class="StyledProps--font StyledProps--main"
      >
        <div
          class="Layout--horizontal Layout--layout-spacing-medium StyledProps--main StyledProps--flex StyledProps--flex-alignItems-center StyledProps--flex-justifyContent-flex-start"
        >
          <div
            class="bp3-card bp3-interactive bp3-elevation-0 Card--card paletteCard addStep Card--interactive"
            data-testid="step-card-empty"
            tabindex="0"
          >
            <span
              class="bp3-icon bp3-icon-plus StyledProps--main"
              icon="plus"
            >
              <svg
                data-icon="plus"
                height="25"
                viewBox="0 0 20 20"
                width="25"
              >
                <desc>
                  plus
                </desc>
                <path
                  d="M16 9h-5V4c0-.55-.45-1-1-1s-1 .45-1 1v5H4c-.55 0-1 .45-1 1s.45 1 1 1h5v5c0 .55.45 1 1 1s1-.45 1-1v-5h5c.55 0 1-.45 1-1s-.45-1-1-1z"
                  fill-rule="evenodd"
                />
              </svg>
            </span>
          </div>
          <p
            class="StyledProps--font StyledProps--main StyledProps--font-size-small StyledProps--font-weight-semi-bold StyledProps--color StyledProps--color-grey600"
          >
            
          </p>
        </div>
      </div>
    </div>
  </div>
</div>
`;
