// Jest Snapshot v1, https://goo.gl/fbAQLP

exports[`<PipelineTemplateCanvas/> tests should match snapshot 1`] = `
<div>
  <div
    class="stage-builder-mock"
  />
</div>
`;
