// Jest Snapshot v1, https://goo.gl/fbAQLP

exports[`<NoResultsView> tests should match snapshot 1`] = `
<div>
  <div
    class="StyledProps--font StyledProps--main main"
    style="height: 100%;"
  >
    <div
      class="Layout--vertical Layout--layout-spacing-xxxlarge StyledProps--main StyledProps--flex StyledProps--flex-align-center-center"
      style="height: 100%;"
    >
      <img
        class="illustration"
        src="test-file-stub"
      />
      <p
        class="StyledProps--font StyledProps--main infoText StyledProps--color StyledProps--color-grey700"
      >
        There are no templates in your project.
      </p>
      <span
        class="bp3-popover-wrapper main"
      >
        <span
          class="bp3-popover-target"
        >
          <button
            class="bp3-button Button--button StyledProps--font StyledProps--main Button--with-current-color Button--withLeftIcon Button--withRightIcon Button--variation Button--variation-primary"
            type="button"
          >
            <span
              class="bp3-icon bp3-icon-plus StyledProps--main StyledProps--padding-right-xsmall"
              icon="plus"
            >
              <svg
                data-icon="plus"
                height="16"
                viewBox="0 0 16 16"
                width="16"
              >
                <desc>
                  plus
                </desc>
                <path
                  d="M13 7H9V3c0-.55-.45-1-1-1s-1 .45-1 1v4H3c-.55 0-1 .45-1 1s.45 1 1 1h4v4c0 .55.45 1 1 1s1-.45 1-1V9h4c.55 0 1-.45 1-1s-.45-1-1-1z"
                  fill-rule="evenodd"
                />
              </svg>
            </span>
            <span
              class="bp3-button-text"
            >
              templatesLibrary.addNewTemplate
            </span>
            <span
              class="bp3-icon bp3-icon-chevron-down StyledProps--main"
              icon="chevron-down"
            >
              <svg
                data-icon="chevron-down"
                height="16"
                viewBox="0 0 16 16"
                width="16"
              >
                <desc>
                  chevron-down
                </desc>
                <path
                  d="M12 5c-.28 0-.53.11-.71.29L8 8.59l-3.29-3.3a1.003 1.003 0 00-1.42 1.42l4 4c.18.18.43.29.71.29s.53-.11.71-.29l4-4A1.003 1.003 0 0012 5z"
                  fill-rule="evenodd"
                />
              </svg>
            </span>
          </button>
        </span>
      </span>
    </div>
  </div>
</div>
`;

exports[`<NoResultsView> tests should match snapshot in minimal mode 1`] = `
<div>
  <div
    class="StyledProps--font StyledProps--main main"
    style="height: 100%;"
  >
    <div
      class="Layout--vertical Layout--layout-spacing-large StyledProps--main minimal StyledProps--flex StyledProps--flex-align-center-center"
      style="height: 100%;"
    >
      <img
        class="illustration"
        src="test-file-stub"
      />
      <p
        class="StyledProps--font StyledProps--main infoText StyledProps--color StyledProps--color-grey700"
      >
        There are no templates in your project.
      </p>
    </div>
  </div>
</div>
`;

exports[`<NoResultsView> tests should match snapshot when has search params 1`] = `
<div>
  <div
    class="StyledProps--font StyledProps--main main"
    style="height: 100%;"
  >
    <div
      class="Layout--vertical Layout--layout-spacing-xlarge StyledProps--main StyledProps--flex StyledProps--flex-align-center-center"
      style="height: 100%;"
    >
      <span
        class="bp3-icon StyledProps--main StyledProps--color StyledProps--color-grey400"
        data-icon="template-library"
      >
        <svg
          height="50"
          viewBox="0 0 12 13"
          width="50"
          xmlns="http://www.w3.org/2000/svg"
          xmlns:xlink="http://www.w3.org/1999/xlink"
        >
          <defs>
            <path
              d="M1.8 13c.2 0 .4-.3.4-.6V.6C2.2.3 2 0 1.8 0H.4C.2 0 0 .3 0 .6v11.7c0 .4.2.7.4.7h1.4zm8.8 0l.9-.3c.3-.1.5-.4.4-.8L8.9.6C8.8.3 8.5.1 8.1.2l-.9.3c-.4 0-.5.4-.5.7l3.1 11.3c.1.4.5.6.8.5zm-5 0c.2 0 .4-.3.4-.7V.6c0-.3-.2-.6-.4-.6H4.2c-.2 0-.4.3-.4.6v11.7c0 .4.2.7.4.7h1.4z"
              id="template-library_svg__a"
            />
          </defs>
          <clippath
            id="template-library_svg__b"
          >
            <use
              overflow="visible"
              xlink:href="#template-library_svg__a"
            />
          </clippath>
          <path
            clip-path="url(#template-library_svg__b)"
            d="M-5-5h22v23H-5z"
            fill="#25a6f7"
          />
        </svg>
      </span>
      <p
        class="StyledProps--font StyledProps--main StyledProps--font-weight-bold StyledProps--font-size-medium StyledProps--color StyledProps--color-grey400"
      >
        common.filters.noMatchingFilterData
      </p>
      <button
        class="bp3-button Button--button StyledProps--font StyledProps--main Button--with-current-color Button--variation Button--variation-link Button--size Button--large"
        type="button"
      >
        <span
          class="bp3-button-text"
        >
          common.filters.clearFilters
        </span>
      </button>
    </div>
  </div>
</div>
`;
