// Jest Snapshot v1, https://goo.gl/fbAQLP

exports[`load balancer selection cases no data available for access points and supported resources 1`] = `
<div>
  <div
    class="StyledProps--font StyledProps--main dnsLinkContainer"
  >
    <h3
      class="StyledProps--font StyledProps--font-h3 StyledProps--main header StyledProps--font-weight-bold"
      level="3"
    >
      ce.co.autoStoppingRule.setupAccess.selectLb
    </h3>
    <div
      class="Layout--horizontal StyledProps--main selectLoadBalancerContainer"
    >
      <div>
        <p
          class="StyledProps--font StyledProps--main helpText"
        >
          ce.co.autoStoppingRule.setupAccess.selectLbHelpText
        </p>
        <div
          class="Layout--horizontal StyledProps--main StyledProps--flex StyledProps--flex-alignItems-center StyledProps--flex-justifyContent-flex-start"
        >
          <div
            class="bp3-popover-wrapper loadBalancerSelector Select--main bp3-fill"
          >
            <div
              class="bp3-popover-target"
            >
              <div
                class="bp3-input-group"
              >
                <input
                  autocomplete="off"
                  class="bp3-input"
                  name="accessPoint"
                  placeholder="- Select -"
                  style="padding-right: 0px;"
                  type="text"
                  value=""
                />
                <span
                  class="bp3-input-action"
                >
                  <span
                    class="bp3-icon bp3-icon-chevron-down StyledProps--main StyledProps--padding-small"
                    icon="chevron-down"
                  >
                    <svg
                      data-icon="chevron-down"
                      height="14"
                      viewBox="0 0 16 16"
                      width="14"
                    >
                      <desc>
                        chevron-down
                      </desc>
                      <path
                        d="M12 5c-.28 0-.53.11-.71.29L8 8.59l-3.29-3.3a1.003 1.003 0 00-1.42 1.42l4 4c.18.18.43.29.71.29s.53-.11.71-.29l4-4A1.003 1.003 0 0012 5z"
                        fill-rule="evenodd"
                      />
                    </svg>
                  </span>
                </span>
              </div>
            </div>
          </div>
          <p
            class="StyledProps--font StyledProps--main StyledProps--color StyledProps--color-primary6"
            style="cursor: pointer;"
          >
            +ce.co.accessPoint.new
          </p>
        </div>
      </div>
    </div>
  </div>
</div>
`;
