// Jest Snapshot v1, https://goo.gl/fbAQLP

exports[`test cases for Node Recommendation page should be able to render the page 1`] = `
<div>
  <div
    class="Layout--horizontal StyledProps--main PageHeader--container PageHeader--standard StyledProps--flex StyledProps--padding-left-xlarge StyledProps--padding-right-xlarge StyledProps--background-white"
  >
    <div
      class="Layout--vertical StyledProps--main"
    >
      <div
        class="PageHeader--breadcrumbsDiv"
      >
        <div
          class="Layout--horizontal StyledProps--main Breadcrumbs--breadcrumbs breadCrumb StyledProps--flex StyledProps--flex-align-center-center StyledProps--flex-justifyContent-flex-start"
        >
          <div
            class="Layout--horizontal StyledProps--main StyledProps--flex StyledProps--flex-align-center-center StyledProps--flex-justifyContent-flex-start"
          >
            <a
              class="Breadcrumbs--breadcrumb"
              href="/account/undefined/settings"
            >
              <span
                class="bp3-icon bp3-icon-cog StyledProps--main StyledProps--padding-right-xsmall StyledProps--color StyledProps--color-primary7"
                icon="cog"
              >
                <svg
                  data-icon="cog"
                  height="16"
                  viewBox="0 0 16 16"
                  width="16"
                >
                  <desc>
                    cog
                  </desc>
                  <path
                    d="M15.19 6.39h-1.85c-.11-.37-.27-.71-.45-1.04l1.36-1.36c.31-.31.31-.82 0-1.13l-1.13-1.13a.803.803 0 00-1.13 0l-1.36 1.36c-.33-.17-.67-.33-1.04-.44V.79c0-.44-.36-.8-.8-.8h-1.6c-.44 0-.8.36-.8.8v1.86c-.39.12-.75.28-1.1.47l-1.3-1.3c-.3-.3-.79-.3-1.09 0L1.82 2.91c-.3.3-.3.79 0 1.09l1.3 1.3c-.2.34-.36.7-.48 1.09H.79c-.44 0-.8.36-.8.8v1.6c0 .44.36.8.8.8h1.85c.11.37.27.71.45 1.04l-1.36 1.36c-.31.31-.31.82 0 1.13l1.13 1.13c.31.31.82.31 1.13 0l1.36-1.36c.33.18.67.33 1.04.44v1.86c0 .44.36.8.8.8h1.6c.44 0 .8-.36.8-.8v-1.86c.39-.12.75-.28 1.1-.47l1.3 1.3c.3.3.79.3 1.09 0l1.09-1.09c.3-.3.3-.79 0-1.09l-1.3-1.3c.19-.35.36-.71.48-1.1h1.85c.44 0 .8-.36.8-.8v-1.6a.816.816 0 00-.81-.79zm-7.2 4.6c-1.66 0-3-1.34-3-3s1.34-3 3-3 3 1.34 3 3-1.34 3-3 3z"
                    fill-rule="evenodd"
                  />
                </svg>
              </span>
              <p
                class="StyledProps--font StyledProps--main StyledProps--intent-primary StyledProps--font-size-small"
              >
                common.accountSettings
              </p>
            </a>
            <span
              class="bp3-icon StyledProps--main StyledProps--color StyledProps--color-grey500 StyledProps--padding-right-xsmall StyledProps--padding-left-xsmall"
              data-icon="main-chevron-right"
            >
              <svg
                height="8"
                viewBox="0 0 8 14"
                width="8"
                xmlns="http://www.w3.org/2000/svg"
              >
                <path
                  d="M7.7 6.3l-6-6C1.5.1 1.3 0 1 0 .4 0 0 .4 0 1c0 .3.1.5.3.7L5.6 7 .3 12.3c-.2.2-.3.4-.3.7 0 .6.4 1 1 1 .3 0 .5-.1.7-.3l6-6c.2-.2.3-.4.3-.7s-.1-.5-.3-.7z"
                  fill="#4d5969"
                />
              </svg>
            </span>
          </div>
          <div
            class="Layout--horizontal StyledProps--main StyledProps--flex StyledProps--flex-align-center-center StyledProps--flex-justifyContent-flex-start"
          >
            <a
              class="Breadcrumbs--breadcrumb"
              href="/account/undefined/ce/recommendations"
            >
              <p
                class="StyledProps--font StyledProps--main StyledProps--intent-primary StyledProps--font-size-small"
              >
                ce.recommendation.sideNavText
              </p>
            </a>
            <span
              class="bp3-icon StyledProps--main StyledProps--color StyledProps--color-grey500 StyledProps--padding-right-xsmall StyledProps--padding-left-xsmall"
              data-icon="main-chevron-right"
            >
              <svg
                height="8"
                viewBox="0 0 8 14"
                width="8"
                xmlns="http://www.w3.org/2000/svg"
              >
                <path
                  d="M7.7 6.3l-6-6C1.5.1 1.3 0 1 0 .4 0 0 .4 0 1c0 .3.1.5.3.7L5.6 7 .3 12.3c-.2.2-.3.4-.3.7 0 .6.4 1 1 1 .3 0 .5-.1.7-.3l6-6c.2-.2.3-.4.3-.7s-.1-.5-.3-.7z"
                  fill="#4d5969"
                />
              </svg>
            </span>
          </div>
        </div>
      </div>
      <div
        class="Layout--horizontal Layout--layout-spacing-small StyledProps--main"
      >
        <p
          class="StyledProps--font StyledProps--main StyledProps--font-variation-body1"
          style="display: flex; align-items: center;"
        >
          <span
            class="bp3-icon StyledProps--main Text--icon StyledProps--padding-right-xsmall"
            data-icon="gcp"
          >
            <svg
              height="16"
              viewBox="0 0 1667 1341"
              width="16"
              xmlns="http://www.w3.org/2000/svg"
            >
              <g
                fill="none"
              >
                <path
                  d="M1058.1 369.2h50.8l144.8-144.8 7.1-61.5C991.3-75 580-49.3 342.1 220.2 276 295 228.1 384.1 201.9 480.5c16.1-6.6 34-7.7 50.8-3l289.6-47.8s14.7-24.4 22.4-22.9c128.8-141.5 345.6-158 494.4-37.6h-1z"
                  fill="#EA4335"
                />
                <path
                  d="M1460 480.5c-33.3-122.6-101.6-232.8-196.6-317l-203.2 203.2c85.8 70.1 134.7 175.8 132.6 286.6v36.1c99.9 0 180.9 81 180.9 180.9s-81 180.9-180.9 180.9H831l-36.1 36.6v217l36.1 36.1h361.8c259.8 2 472.1-207 474.1-466.8 1.2-157.8-76.5-305.4-206.9-393.6z"
                  fill="#4285F4"
                />
                <path
                  d="M468.7 1338.6h361.8V1049H468.7c-25.8 0-51.2-5.6-74.7-16.3l-50.8 15.8-145.8 144.8-12.7 50.8c81.7 61.8 181.5 95 284 94.5z"
                  fill="#34A853"
                />
                <path
                  d="M468.7 399.196C208.8 400.7-.5 612.6.992 872.5 1.9 1017.6 69.6 1154.2 184.7 1242.6l209.8-209.8c-91-41.1-131.5-148.3-90.4-239.3 41.1-91 148.3-131.5 239.3-90.4 40.1 18.1 72.2 50.3 90.4 90.4l209.8-209.8c-89.2-116.8-228-185.1-374.9-184.504z"
                  fill="#FBBC05"
                />
              </g>
            </svg>
          </span>
          ce.recommendation.detailsPage.headerText
        </p>
        <p
          class="StyledProps--font StyledProps--main StyledProps--font-variation-h4"
          style="vertical-align: middle;"
        >
          general-preemptible
        </p>
      </div>
    </div>
  </div>
  <div
    class="StyledProps--font StyledProps--main PageBody--pageBody"
    data-name="page-body"
  >
    <div
      class="bp3-card bp3-elevation-0 Card--card"
      style="width: 100%;"
    >
      <div
        class="Layout--horizontal Layout--layout-spacing-small StyledProps--main"
      >
        <p
          class="StyledProps--font StyledProps--main StyledProps--color StyledProps--color-grey800 StyledProps--font-weight-semi-bold"
        >
          ce.recommendation.detailsPage.utilizationDataComputation
        </p>
        <span
          class="bp3-popover-wrapper"
        >
          <span
            class="bp3-popover-target"
          >
            <p
              class="StyledProps--font StyledProps--main actionText StyledProps--color StyledProps--color-primary5"
              style="display: flex; align-items: center;"
            >
              LAST 7 DAYS
              <span
                class="bp3-icon bp3-icon-caret-down StyledProps--main Text--icon StyledProps--padding-left-xsmall StyledProps--color StyledProps--color-primary5"
                icon="caret-down"
              >
                <svg
                  data-icon="caret-down"
                  height="16"
                  viewBox="0 0 16 16"
                  width="16"
                >
                  <desc>
                    caret-down
                  </desc>
                  <path
                    d="M12 6.5c0-.28-.22-.5-.5-.5h-7a.495.495 0 00-.37.83l3.5 4c.09.1.22.17.37.17s.28-.07.37-.17l3.5-4c.08-.09.13-.2.13-.33z"
                    fill-rule="evenodd"
                  />
                </svg>
              </span>
            </p>
          </span>
        </span>
      </div>
    </div>
    <div
      class="StyledProps--font StyledProps--main body"
    >
      <node-recommendation-details
        recommendationdetails="[object Object]"
        recommendationstats="[object Object]"
        timerange="[object Object]"
      />
    </div>
  </div>
</div>
`;
