// Jest Snapshot v1, https://goo.gl/fbAQLP

exports[`<StageTemplateCanvas /> tests should match snapshot 1`] = `
<div>
  <div
    class="stage-template-canvas-internal-mock"
  />
</div>
`;
