// Jest Snapshot v1, https://goo.gl/fbAQLP

exports[`<TemplateInputSetStep /> tests snapshot test for template input set step 1`] = `<div />`;
