// Jest Snapshot v1, https://goo.gl/fbAQLP

exports[`Autostopping rule analytics drawer render analytics drawer 1`] = `
<div>
  <div
    class="StyledProps--font StyledProps--main"
  >
    <div
      class="Layout--vertical Layout--layout-spacing-large StyledProps--main StyledProps--padding-xlarge"
    >
      <div
        class="StyledProps--font StyledProps--main analyticsHeader"
      >
        <div
          class="Layout--horizontal StyledProps--main StyledProps--flex StyledProps--flex-justifyContent-space-between"
        >
          <div
            class="Layout--horizontal StyledProps--main StyledProps--flex StyledProps--flex-alignItems-center"
          >
            <h1
              class="StyledProps--font StyledProps--font-h1 StyledProps--main StyledProps--font-weight-semi-bold"
              level="1"
            >
              string
            </h1>
            <label
              class="bp3-control bp3-switch ruleToggle"
            >
              <input
                checked=""
                type="checkbox"
              />
              <span
                class="bp3-control-indicator"
              />
            </label>
          </div>
          <div
            class="Layout--horizontal Layout--layout-spacing-large StyledProps--main headerLayout"
          >
            <div
              class="Layout--horizontal Layout--layout-spacing-large StyledProps--main StyledProps--flex"
            >
              <span
                class="bp3-icon StyledProps--main"
                data-icon="Edit"
                data-testid="editRuleIcon"
                style="cursor: pointer;"
              >
                <svg
                  height="20"
                  viewBox="0 0 16 16"
                  width="20"
                  xmlns="http://www.w3.org/2000/svg"
                >
                  <path
                    clip-rule="evenodd"
                    d="M11.207.485a.5.5 0 01.354-.146 3.5 3.5 0 013.5 3.5.5.5 0 01-.146.353l-11 11a.5.5 0 01-.354.147h-3a.5.5 0 01-.5-.5v-3a.5.5 0 01.146-.354l11-11zm.553.862L1.061 12.046v2.293h2.293l10.7-10.7a2.5 2.5 0 00-2.294-2.292z"
                    fill="currentColor"
                    fill-rule="evenodd"
                  />
                  <path
                    clip-rule="evenodd"
                    d="M11.89 2.646a.5.5 0 010 .708L8.353 6.889a.5.5 0 01-.708-.707l3.536-3.536a.5.5 0 01.707 0z"
                    fill="currentColor"
                    fill-rule="evenodd"
                    opacity="0.3"
                  />
                </svg>
              </span>
              <span
                class="bp3-icon StyledProps--main"
                data-icon="main-trash"
                data-testid="deleteRuleIcon"
                style="cursor: pointer;"
              >
                <svg
                  height="20"
                  viewBox="0 0 16 20"
                  width="20"
                  xmlns="http://www.w3.org/2000/svg"
                >
                  <path
                    clip-rule="evenodd"
                    d="M1.143 8.48a1.2 1.2 0 011.189-1.36h10.649a1.2 1.2 0 011.194 1.321l-1.039 10.208a1.2 1.2 0 01-1.193 1.079H3.716a1.2 1.2 0 01-1.189-1.04L1.143 8.48zm11.837-.16H2.332l1.385 10.207h8.226L12.98 8.32zM5.916 1.594a.6.6 0 01.719-.452l4.224.965a.6.6 0 01.452.719L11 4.179l3.86.882a.6.6 0 01-.267 1.17L1.535 3.248a.6.6 0 11.267-1.17l3.805.87.309-1.354zm.86 1.62l3.056.698.175-.768-3.055-.698-.175.768z"
                    fill="currentColor"
                    fill-rule="evenodd"
                  />
                  <path
                    clip-rule="evenodd"
                    d="M8 10.808a.5.5 0 01.5.5v5a.5.5 0 01-1 0v-5a.5.5 0 01.5-.5zm-2.761.012a.5.5 0 01.541.454l.436 4.981a.5.5 0 11-.996.087l-.436-4.98a.5.5 0 01.455-.542zM10.762 10.82a.5.5 0 01.455.541l-.436 4.981a.5.5 0 11-.996-.087l.435-4.98a.5.5 0 01.542-.455z"
                    fill="currentColor"
                    fill-rule="evenodd"
                    opacity="0.3"
                  />
                </svg>
              </span>
            </div>
          </div>
        </div>
        <p
          class="StyledProps--font StyledProps--main StyledProps--font-size-small"
        >
          Created Invalid date
        </p>
      </div>
      <div
        class="StyledProps--font StyledProps--main analyticsHeader"
      >
        <h2
          class="StyledProps--font StyledProps--font-h2 StyledProps--main StyledProps--font-weight-bold"
          level="2"
        >
          Rule Details
        </h2>
        <div
          class="Layout--vertical Layout--layout-spacing-medium StyledProps--main StyledProps--padding-top-medium StyledProps--padding-bottom-medium"
        >
          <div
            class="StyledProps--font StyledProps--main serviceDetailsItemContainer"
          >
            <p
              class="StyledProps--font StyledProps--main detailItemHeader"
            >
              Idle time
            </p>
            <p
              class="StyledProps--font StyledProps--main detailItemValue"
            >
              10 min
            </p>
          </div>
          <div
            class="StyledProps--font StyledProps--main serviceDetailsItemContainer"
          >
            <p
              class="StyledProps--font StyledProps--main detailItemHeader"
            >
              Resources managed
            </p>
            <div
              class="Layout--horizontal Layout--layout-spacing-medium StyledProps--main detailItemValue"
            >
              <span
                class="bp3-icon StyledProps--main StyledProps--color StyledProps--color-blue500"
                data-icon="spinner"
              >
                <svg
                  fill="none"
                  height="12"
                  viewBox="0 0 36 36"
                  width="12"
                  xmlns="http://www.w3.org/2000/svg"
                >
                  <path
                    d="M18 2.084a15.915 15.915 0 010 31.831 15.915 15.915 0 010-31.83"
                    stroke="currentColor"
                    stroke-dasharray="75,100"
                    stroke-linecap="round"
                    stroke-width="2.8"
                    style="animation: 1s linear infinite spinner-rotation; transform-origin: 50% 50%; transform-box: fill-box;"
                  />
                </svg>
              </span>
            </div>
          </div>
          <div
            class="StyledProps--font StyledProps--main serviceDetailsItemContainer"
          >
            <p
              class="StyledProps--font StyledProps--main detailItemHeader"
            >
              Host name
            </p>
            <div
              class="Layout--horizontal Layout--layout-spacing-small StyledProps--main detailItemValue"
            >
              <a
                class="bp3-button Button--button StyledProps--font StyledProps--main Button--with-current-color Button--link"
                href="http://string"
                rel="noreferrer noopener"
                role="button"
                style="max-width: 350px; text-align: left;"
                tabindex="0"
                target="_blank"
              >
                <span
                  class="bp3-button-text"
                >
                  string
                </span>
              </a>
              <span
                class="bp3-icon StyledProps--main StyledProps--color StyledProps--color-blue500"
                data-icon="copy"
                style="cursor: pointer;"
              >
                <svg
                  height="20"
                  viewBox="0 0 14 16"
                  width="20"
                  xmlns="http://www.w3.org/2000/svg"
                >
                  <g
                    fill="#22272D"
                    stroke="#22272D"
                    stroke-width="0.25"
                  >
                    <path
                      d="M12.89.55H6.388a3.28 3.28 0 00-3.043 2.067C1.672 2.76.34 4.17.34 5.87v9.271c0 .17.138.308.307.308H7.15c1.35 0 2.543-.825 3.042-2.066 1.673-.144 3.006-1.554 3.006-3.255V.86a.307.307 0 00-.308-.31zM7.15 14.835H.955V5.87c0-1.299.955-2.4 2.199-2.624-.002.01-.001.021-.003.032-.031.182-.05.367-.05.552v9.27c0 .17.138.308.308.308h6.105a2.67 2.67 0 01-2.364 1.425zm5.432-4.705a2.68 2.68 0 01-2.607 2.664H3.716V3.831a2.672 2.672 0 012.671-2.665h6.195v8.963z"
                    />
                    <path
                      d="M6.11 6.672a.308.308 0 000 .615h1.732V9.02a.308.308 0 00.616 0V7.287h1.733a.308.308 0 000-.615H8.458V4.939a.308.308 0 00-.616 0v1.733H6.11z"
                    />
                  </g>
                </svg>
              </span>
            </div>
          </div>
          <div
            class="StyledProps--font StyledProps--main serviceDetailsItemContainer"
          >
            <p
              class="StyledProps--font StyledProps--main detailItemHeader"
            >
              Custom Domain
            </p>
            <div
              class="detailItemValue"
            >
              <div
                class="Layout--horizontal Layout--layout-spacing-small StyledProps--main"
              >
                <a
                  class="bp3-button Button--button StyledProps--font StyledProps--main Button--with-current-color Button--link"
                  href="http://custom.doamin.in"
                  rel="noreferrer noopener"
                  role="button"
                  tabindex="0"
                  target="_blank"
                >
                  <span
                    class="bp3-button-text"
                  >
                    custom.doamin.in
                  </span>
                </a>
                <span
                  class="bp3-icon StyledProps--main StyledProps--color StyledProps--color-blue500"
                  data-icon="copy"
                  style="cursor: pointer;"
                >
                  <svg
                    height="20"
                    viewBox="0 0 14 16"
                    width="20"
                    xmlns="http://www.w3.org/2000/svg"
                  >
                    <g
                      fill="#22272D"
                      stroke="#22272D"
                      stroke-width="0.25"
                    >
                      <path
                        d="M12.89.55H6.388a3.28 3.28 0 00-3.043 2.067C1.672 2.76.34 4.17.34 5.87v9.271c0 .17.138.308.307.308H7.15c1.35 0 2.543-.825 3.042-2.066 1.673-.144 3.006-1.554 3.006-3.255V.86a.307.307 0 00-.308-.31zM7.15 14.835H.955V5.87c0-1.299.955-2.4 2.199-2.624-.002.01-.001.021-.003.032-.031.182-.05.367-.05.552v9.27c0 .17.138.308.308.308h6.105a2.67 2.67 0 01-2.364 1.425zm5.432-4.705a2.68 2.68 0 01-2.607 2.664H3.716V3.831a2.672 2.672 0 012.671-2.665h6.195v8.963z"
                      />
                      <path
                        d="M6.11 6.672a.308.308 0 000 .615h1.732V9.02a.308.308 0 00.616 0V7.287h1.733a.308.308 0 000-.615H8.458V4.939a.308.308 0 00-.616 0v1.733H6.11z"
                      />
                    </g>
                  </svg>
                </span>
              </div>
            </div>
          </div>
          <div
            class="StyledProps--font StyledProps--main serviceDetailsItemContainer"
          >
            <p
              class="StyledProps--font StyledProps--main detailItemHeader"
            >
              Compute type
            </p>
            <div
              class="Layout--horizontal Layout--layout-spacing-xsmall StyledProps--main detailItemValue"
            >
              <img
                alt=""
                aria-hidden="true"
                src="test-file-stub"
              />
              <p
                class="StyledProps--font StyledProps--main"
              >
                string
              </p>
            </div>
          </div>
        </div>
      </div>
      <div
        class="StyledProps--font StyledProps--main analyticsHeader"
      >
        <div
          class="Layout--vertical Layout--layout-spacing-medium StyledProps--main"
        >
          <h2
            class="StyledProps--font StyledProps--font-h2 StyledProps--main StyledProps--font-weight-bold"
            level="2"
          >
            Advanced configuration
          </h2>
        </div>
      </div>
      <div
        class="StyledProps--font StyledProps--main analyticsHeader"
      >
        <div
          class="Layout--vertical Layout--layout-spacing-medium StyledProps--main"
        >
          <h2
            class="StyledProps--font StyledProps--font-h2 StyledProps--main analyticsSubHeader StyledProps--font-weight-bold"
            level="2"
          >
            ce.co.autoStoppingRule.setupAccess.helpText.ssh.setup.download
          </h2>
          <div>
            <p
              class="StyledProps--font StyledProps--main text"
            >
              ce.co.sshSetup
              <span>
                <a
                  href=" https://ngdocs.harness.io/article/7025n9ml7z-create-autostopping-rules-aws#setup_access_using_ssh_rdp"
                  target="_blank"
                >
                  Read More
                </a>
              </span>
            </p>
            <div
              class="Layout--horizontal StyledProps--main downloadCliContainer"
            >
              <div
                class="selectContainer"
              >
                <div
                  class="bp3-popover-wrapper Select--main bp3-fill"
                >
                  <div
                    class="bp3-popover-target"
                  >
                    <div
                      class="bp3-input-group"
                    >
                      <input
                        autocomplete="off"
                        class="bp3-input"
                        name="sshOs"
                        placeholder="- Select -"
                        style="padding-right: 0px;"
                        type="text"
                        value=""
                      />
                      <span
                        class="bp3-input-action"
                      >
                        <span
                          class="bp3-icon bp3-icon-chevron-down StyledProps--main StyledProps--padding-small"
                          icon="chevron-down"
                        >
                          <svg
                            data-icon="chevron-down"
                            height="14"
                            viewBox="0 0 16 16"
                            width="14"
                          >
                            <desc>
                              chevron-down
                            </desc>
                            <path
                              d="M12 5c-.28 0-.53.11-.71.29L8 8.59l-3.29-3.3a1.003 1.003 0 00-1.42 1.42l4 4c.18.18.43.29.71.29s.53-.11.71-.29l4-4A1.003 1.003 0 0012 5z"
                              fill-rule="evenodd"
                            />
                          </svg>
                        </span>
                      </span>
                    </div>
                  </div>
                </div>
              </div>
              <button
                class="bp3-button bp3-disabled Button--button StyledProps--font StyledProps--main downloadBtn Button--with-current-color Button--iconOnly"
                disabled=""
                tabindex="-1"
                type="button"
              >
                <span
                  class="bp3-button-text"
                >
                  Download CLI
                </span>
              </button>
            </div>
          </div>
        </div>
      </div>
      <div
        class="StyledProps--font StyledProps--main StyledProps--padding-medium"
      >
        <div
          class="Layout--horizontal Layout--layout-spacing-large StyledProps--main"
        >
          <div
            class="Layout--horizontal Layout--layout-spacing-medium StyledProps--main"
          >
            <div
              style="align-self: center;"
            >
              <div />
            </div>
            <div
              class="Layout--vertical Layout--layout-spacing-xsmall StyledProps--main StyledProps--padding-large"
            >
              <h2
                class="StyledProps--font StyledProps--font-h2 StyledProps--main"
                level="2"
              >
                $
                0
              </h2>
              <p
                class="StyledProps--font StyledProps--main"
              >
                ce.co.rulesTableHeaders.savings
              </p>
            </div>
          </div>
        </div>
      </div>
      <div
        class="Layout--horizontal Layout--layout-spacing-small StyledProps--main"
        style="align-self: center;"
      >
        <p
          class="StyledProps--font StyledProps--main"
        >
          Showing data for Last 7 days
        </p>
      </div>
      <h3
        class="StyledProps--font StyledProps--font-h3 StyledProps--main"
        level="3"
      >
        CE.CO.RULEDRAWER.SPENDVSSAVINGS
      </h3>
      <p
        class="StyledProps--font StyledProps--main"
        style="align-self: center;"
      >
        ce.co.noData
      </p>
      <h3
        class="StyledProps--font StyledProps--font-h3 StyledProps--main"
        level="3"
      >
        CE.CO.RULEDRAWER.LOGS AND CE.CO.RULEDRAWER.USAGETIME
      </h3>
      <div
        class="bp3-tabs Tabs--main Tabs--horizontal"
      >
        <div
          class="bp3-tab-list"
          role="tablist"
        >
          <div
            class="bp3-tab-indicator-wrapper"
            style="height: 0px; transform: translateX(0px) translateY(0px); width: 0px;"
          >
            <div
              class="bp3-tab-indicator"
            />
          </div>
          <div
            aria-controls="bp3-tab-panel_logsAndUsage_name"
            aria-disabled="false"
            aria-expanded="true"
            aria-selected="true"
            class="bp3-tab"
            data-tab-id="name"
            id="bp3-tab-title_logsAndUsage_name"
            role="tab"
            tabindex="0"
          >
            ce.co.ruleDrawer.usageTime
          </div>
          <div
            aria-controls="bp3-tab-panel_logsAndUsage_logs"
            aria-disabled="false"
            aria-expanded="false"
            aria-selected="false"
            class="bp3-tab"
            data-tab-id="logs"
            id="bp3-tab-title_logsAndUsage_logs"
            role="tab"
            tabindex="0"
          >
            ce.co.ruleDrawer.logs
          </div>
        </div>
        <div
          aria-hidden="false"
          aria-labelledby="bp3-tab-title_logsAndUsage_name"
          class="bp3-tab-panel"
          id="bp3-tab-panel_logsAndUsage_name"
          role="tabpanel"
        >
          <div
            class="StyledProps--font StyledProps--main PageBody--pageBody pageContainer"
            data-name="page-body"
          >
            <p
              class="StyledProps--font StyledProps--main"
              style="align-self: center;"
            >
              ce.co.noData
            </p>
          </div>
        </div>
      </div>
    </div>
  </div>
</div>
`;

exports[`Autostopping rule analytics drawer render k8s rule analytics drawer 1`] = `
<div>
  <div
    class="StyledProps--font StyledProps--main"
  >
    <div
      class="Layout--vertical Layout--layout-spacing-large StyledProps--main StyledProps--padding-xlarge"
    >
      <div
        class="StyledProps--font StyledProps--main analyticsHeader"
      >
        <div
          class="Layout--horizontal StyledProps--main StyledProps--flex StyledProps--flex-justifyContent-space-between"
        >
          <div
            class="Layout--horizontal StyledProps--main StyledProps--flex StyledProps--flex-alignItems-center"
          >
            <h1
              class="StyledProps--font StyledProps--font-h1 StyledProps--main StyledProps--font-weight-semi-bold"
              level="1"
            >
              string
            </h1>
            <label
              class="bp3-control bp3-switch ruleToggle"
            >
              <input
                checked=""
                type="checkbox"
              />
              <span
                class="bp3-control-indicator"
              />
            </label>
          </div>
          <div
            class="Layout--horizontal Layout--layout-spacing-large StyledProps--main headerLayout"
          >
            <div
              class="Layout--horizontal Layout--layout-spacing-large StyledProps--main StyledProps--flex"
            >
              <span
                class="bp3-icon StyledProps--main"
                data-icon="Edit"
                data-testid="editRuleIcon"
                style="cursor: pointer;"
              >
                <svg
                  height="20"
                  viewBox="0 0 16 16"
                  width="20"
                  xmlns="http://www.w3.org/2000/svg"
                >
                  <path
                    clip-rule="evenodd"
                    d="M11.207.485a.5.5 0 01.354-.146 3.5 3.5 0 013.5 3.5.5.5 0 01-.146.353l-11 11a.5.5 0 01-.354.147h-3a.5.5 0 01-.5-.5v-3a.5.5 0 01.146-.354l11-11zm.553.862L1.061 12.046v2.293h2.293l10.7-10.7a2.5 2.5 0 00-2.294-2.292z"
                    fill="currentColor"
                    fill-rule="evenodd"
                  />
                  <path
                    clip-rule="evenodd"
                    d="M11.89 2.646a.5.5 0 010 .708L8.353 6.889a.5.5 0 01-.708-.707l3.536-3.536a.5.5 0 01.707 0z"
                    fill="currentColor"
                    fill-rule="evenodd"
                    opacity="0.3"
                  />
                </svg>
              </span>
              <span
                class="bp3-icon StyledProps--main"
                data-icon="main-trash"
                data-testid="deleteRuleIcon"
                style="cursor: pointer;"
              >
                <svg
                  height="20"
                  viewBox="0 0 16 20"
                  width="20"
                  xmlns="http://www.w3.org/2000/svg"
                >
                  <path
                    clip-rule="evenodd"
                    d="M1.143 8.48a1.2 1.2 0 011.189-1.36h10.649a1.2 1.2 0 011.194 1.321l-1.039 10.208a1.2 1.2 0 01-1.193 1.079H3.716a1.2 1.2 0 01-1.189-1.04L1.143 8.48zm11.837-.16H2.332l1.385 10.207h8.226L12.98 8.32zM5.916 1.594a.6.6 0 01.719-.452l4.224.965a.6.6 0 01.452.719L11 4.179l3.86.882a.6.6 0 01-.267 1.17L1.535 3.248a.6.6 0 11.267-1.17l3.805.87.309-1.354zm.86 1.62l3.056.698.175-.768-3.055-.698-.175.768z"
                    fill="currentColor"
                    fill-rule="evenodd"
                  />
                  <path
                    clip-rule="evenodd"
                    d="M8 10.808a.5.5 0 01.5.5v5a.5.5 0 01-1 0v-5a.5.5 0 01.5-.5zm-2.761.012a.5.5 0 01.541.454l.436 4.981a.5.5 0 11-.996.087l-.436-4.98a.5.5 0 01.455-.542zM10.762 10.82a.5.5 0 01.455.541l-.436 4.981a.5.5 0 11-.996-.087l.435-4.98a.5.5 0 01.542-.455z"
                    fill="currentColor"
                    fill-rule="evenodd"
                    opacity="0.3"
                  />
                </svg>
              </span>
            </div>
          </div>
        </div>
        <p
          class="StyledProps--font StyledProps--main StyledProps--font-size-small"
        >
          Created Invalid date
        </p>
      </div>
      <div
        class="StyledProps--font StyledProps--main analyticsHeader"
      >
        <h2
          class="StyledProps--font StyledProps--font-h2 StyledProps--main StyledProps--font-weight-bold"
          level="2"
        >
          Rule Details
        </h2>
        <div
          class="Layout--vertical Layout--layout-spacing-medium StyledProps--main StyledProps--padding-top-medium StyledProps--padding-bottom-medium"
        >
          <div
            class="StyledProps--font StyledProps--main serviceDetailsItemContainer"
          >
            <p
              class="StyledProps--font StyledProps--main detailItemHeader"
            >
              Idle time
            </p>
            <p
              class="StyledProps--font StyledProps--main detailItemValue"
            >
              10 min
            </p>
          </div>
          <div
            class="StyledProps--font StyledProps--main serviceDetailsItemContainer"
          >
            <p
              class="StyledProps--font StyledProps--main detailItemHeader"
            >
              Resources managed
            </p>
            <div
              class="Layout--horizontal Layout--layout-spacing-medium StyledProps--main detailItemValue"
            >
              <span
                class="bp3-icon StyledProps--main StyledProps--color StyledProps--color-blue500"
                data-icon="spinner"
              >
                <svg
                  fill="none"
                  height="12"
                  viewBox="0 0 36 36"
                  width="12"
                  xmlns="http://www.w3.org/2000/svg"
                >
                  <path
                    d="M18 2.084a15.915 15.915 0 010 31.831 15.915 15.915 0 010-31.83"
                    stroke="currentColor"
                    stroke-dasharray="75,100"
                    stroke-linecap="round"
                    stroke-width="2.8"
                    style="animation: 1s linear infinite spinner-rotation; transform-origin: 50% 50%; transform-box: fill-box;"
                  />
                </svg>
              </span>
            </div>
          </div>
          <div
            class="StyledProps--font StyledProps--main serviceDetailsItemContainer"
          >
            <p
              class="StyledProps--font StyledProps--main detailItemHeader"
            >
              Host name
            </p>
            <div
              class="Layout--horizontal Layout--layout-spacing-small StyledProps--main detailItemValue"
            >
              <a
                class="bp3-button Button--button StyledProps--font StyledProps--main Button--with-current-color Button--link"
                href="http://string"
                rel="noreferrer noopener"
                role="button"
                style="max-width: 350px; text-align: left;"
                tabindex="0"
                target="_blank"
              >
                <span
                  class="bp3-button-text"
                >
                  string
                </span>
              </a>
              <span
                class="bp3-icon StyledProps--main StyledProps--color StyledProps--color-blue500"
                data-icon="copy"
                style="cursor: pointer;"
              >
                <svg
                  height="20"
                  viewBox="0 0 14 16"
                  width="20"
                  xmlns="http://www.w3.org/2000/svg"
                >
                  <g
                    fill="#22272D"
                    stroke="#22272D"
                    stroke-width="0.25"
                  >
                    <path
                      d="M12.89.55H6.388a3.28 3.28 0 00-3.043 2.067C1.672 2.76.34 4.17.34 5.87v9.271c0 .17.138.308.307.308H7.15c1.35 0 2.543-.825 3.042-2.066 1.673-.144 3.006-1.554 3.006-3.255V.86a.307.307 0 00-.308-.31zM7.15 14.835H.955V5.87c0-1.299.955-2.4 2.199-2.624-.002.01-.001.021-.003.032-.031.182-.05.367-.05.552v9.27c0 .17.138.308.308.308h6.105a2.67 2.67 0 01-2.364 1.425zm5.432-4.705a2.68 2.68 0 01-2.607 2.664H3.716V3.831a2.672 2.672 0 012.671-2.665h6.195v8.963z"
                    />
                    <path
                      d="M6.11 6.672a.308.308 0 000 .615h1.732V9.02a.308.308 0 00.616 0V7.287h1.733a.308.308 0 000-.615H8.458V4.939a.308.308 0 00-.616 0v1.733H6.11z"
                    />
                  </g>
                </svg>
              </span>
            </div>
          </div>
          <div
            class="StyledProps--font StyledProps--main serviceDetailsItemContainer"
          >
            <p
              class="StyledProps--font StyledProps--main detailItemHeader"
            >
              Custom Domain
            </p>
            <div
              class="detailItemValue"
            >
              <div
                class="Layout--horizontal Layout--layout-spacing-small StyledProps--main"
              >
                <a
                  class="bp3-button Button--button StyledProps--font StyledProps--main Button--with-current-color Button--link"
                  href="http://custom.doamin.in"
                  rel="noreferrer noopener"
                  role="button"
                  tabindex="0"
                  target="_blank"
                >
                  <span
                    class="bp3-button-text"
                  >
                    custom.doamin.in
                  </span>
                </a>
                <span
                  class="bp3-icon StyledProps--main StyledProps--color StyledProps--color-blue500"
                  data-icon="copy"
                  style="cursor: pointer;"
                >
                  <svg
                    height="20"
                    viewBox="0 0 14 16"
                    width="20"
                    xmlns="http://www.w3.org/2000/svg"
                  >
                    <g
                      fill="#22272D"
                      stroke="#22272D"
                      stroke-width="0.25"
                    >
                      <path
                        d="M12.89.55H6.388a3.28 3.28 0 00-3.043 2.067C1.672 2.76.34 4.17.34 5.87v9.271c0 .17.138.308.307.308H7.15c1.35 0 2.543-.825 3.042-2.066 1.673-.144 3.006-1.554 3.006-3.255V.86a.307.307 0 00-.308-.31zM7.15 14.835H.955V5.87c0-1.299.955-2.4 2.199-2.624-.002.01-.001.021-.003.032-.031.182-.05.367-.05.552v9.27c0 .17.138.308.308.308h6.105a2.67 2.67 0 01-2.364 1.425zm5.432-4.705a2.68 2.68 0 01-2.607 2.664H3.716V3.831a2.672 2.672 0 012.671-2.665h6.195v8.963z"
                      />
                      <path
                        d="M6.11 6.672a.308.308 0 000 .615h1.732V9.02a.308.308 0 00.616 0V7.287h1.733a.308.308 0 000-.615H8.458V4.939a.308.308 0 00-.616 0v1.733H6.11z"
                      />
                    </g>
                  </svg>
                </span>
              </div>
            </div>
          </div>
          <div
            class="StyledProps--font StyledProps--main serviceDetailsItemContainer"
          >
            <p
              class="StyledProps--font StyledProps--main detailItemHeader"
            >
              Compute type
            </p>
            <div
              class="Layout--horizontal Layout--layout-spacing-xsmall StyledProps--main detailItemValue"
            >
              <img
                alt=""
                aria-hidden="true"
                src="test-file-stub"
              />
              <p
                class="StyledProps--font StyledProps--main"
              >
                string
              </p>
            </div>
          </div>
        </div>
      </div>
      <div
        class="StyledProps--font StyledProps--main analyticsHeader"
      >
        <div
          class="Layout--vertical Layout--layout-spacing-medium StyledProps--main"
        >
          <h2
            class="StyledProps--font StyledProps--font-h2 StyledProps--main StyledProps--font-weight-bold"
            level="2"
          >
            Advanced configuration
          </h2>
        </div>
      </div>
      <div
        class="StyledProps--font StyledProps--main analyticsHeader"
      >
        <div
          class="Layout--vertical Layout--layout-spacing-medium StyledProps--main"
        >
          <h2
            class="StyledProps--font StyledProps--font-h2 StyledProps--main analyticsSubHeader StyledProps--font-weight-bold"
            level="2"
          >
            ce.co.autoStoppingRule.setupAccess.helpText.ssh.setup.download
          </h2>
          <div>
            <p
              class="StyledProps--font StyledProps--main text"
            >
              ce.co.sshSetup
              <span>
                <a
                  href=" https://ngdocs.harness.io/article/7025n9ml7z-create-autostopping-rules-aws#setup_access_using_ssh_rdp"
                  target="_blank"
                >
                  Read More
                </a>
              </span>
            </p>
            <div
              class="Layout--horizontal StyledProps--main downloadCliContainer"
            >
              <div
                class="selectContainer"
              >
                <div
                  class="bp3-popover-wrapper Select--main bp3-fill"
                >
                  <div
                    class="bp3-popover-target"
                  >
                    <div
                      class="bp3-input-group"
                    >
                      <input
                        autocomplete="off"
                        class="bp3-input"
                        name="sshOs"
                        placeholder="- Select -"
                        style="padding-right: 0px;"
                        type="text"
                        value=""
                      />
                      <span
                        class="bp3-input-action"
                      >
                        <span
                          class="bp3-icon bp3-icon-chevron-down StyledProps--main StyledProps--padding-small"
                          icon="chevron-down"
                        >
                          <svg
                            data-icon="chevron-down"
                            height="14"
                            viewBox="0 0 16 16"
                            width="14"
                          >
                            <desc>
                              chevron-down
                            </desc>
                            <path
                              d="M12 5c-.28 0-.53.11-.71.29L8 8.59l-3.29-3.3a1.003 1.003 0 00-1.42 1.42l4 4c.18.18.43.29.71.29s.53-.11.71-.29l4-4A1.003 1.003 0 0012 5z"
                              fill-rule="evenodd"
                            />
                          </svg>
                        </span>
                      </span>
                    </div>
                  </div>
                </div>
              </div>
              <button
                class="bp3-button bp3-disabled Button--button StyledProps--font StyledProps--main downloadBtn Button--with-current-color Button--iconOnly"
                disabled=""
                tabindex="-1"
                type="button"
              >
                <span
                  class="bp3-button-text"
                >
                  Download CLI
                </span>
              </button>
            </div>
          </div>
        </div>
      </div>
      <div
        class="StyledProps--font StyledProps--main StyledProps--padding-medium"
      >
        <div
          class="Layout--horizontal Layout--layout-spacing-large StyledProps--main"
        >
          <div
            class="Layout--horizontal Layout--layout-spacing-medium StyledProps--main"
          >
            <div
              style="align-self: center;"
            >
              <div />
            </div>
            <div
              class="Layout--vertical Layout--layout-spacing-xsmall StyledProps--main StyledProps--padding-large"
            >
              <h2
                class="StyledProps--font StyledProps--font-h2 StyledProps--main"
                level="2"
              >
                $
                0
              </h2>
              <p
                class="StyledProps--font StyledProps--main"
              >
                ce.co.rulesTableHeaders.savings
              </p>
            </div>
          </div>
        </div>
      </div>
      <div
        class="Layout--horizontal Layout--layout-spacing-small StyledProps--main"
        style="align-self: center;"
      >
        <p
          class="StyledProps--font StyledProps--main"
        >
          Showing data for Last 7 days
        </p>
      </div>
      <h3
        class="StyledProps--font StyledProps--font-h3 StyledProps--main"
        level="3"
      >
        CE.CO.RULEDRAWER.SPENDVSSAVINGS
      </h3>
      <p
        class="StyledProps--font StyledProps--main"
        style="align-self: center;"
      >
        ce.co.noData
      </p>
      <h3
        class="StyledProps--font StyledProps--font-h3 StyledProps--main"
        level="3"
      >
        CE.CO.RULEDRAWER.LOGS AND CE.CO.RULEDRAWER.USAGETIME
      </h3>
      <div
        class="bp3-tabs Tabs--main Tabs--horizontal"
      >
        <div
          class="bp3-tab-list"
          role="tablist"
        >
          <div
            class="bp3-tab-indicator-wrapper"
            style="height: 0px; transform: translateX(0px) translateY(0px); width: 0px;"
          >
            <div
              class="bp3-tab-indicator"
            />
          </div>
          <div
            aria-controls="bp3-tab-panel_logsAndUsage_name"
            aria-disabled="false"
            aria-expanded="true"
            aria-selected="true"
            class="bp3-tab"
            data-tab-id="name"
            id="bp3-tab-title_logsAndUsage_name"
            role="tab"
            tabindex="0"
          >
            ce.co.ruleDrawer.usageTime
          </div>
          <div
            aria-controls="bp3-tab-panel_logsAndUsage_logs"
            aria-disabled="false"
            aria-expanded="false"
            aria-selected="false"
            class="bp3-tab"
            data-tab-id="logs"
            id="bp3-tab-title_logsAndUsage_logs"
            role="tab"
            tabindex="0"
          >
            ce.co.ruleDrawer.logs
          </div>
        </div>
        <div
          aria-hidden="false"
          aria-labelledby="bp3-tab-title_logsAndUsage_name"
          class="bp3-tab-panel"
          id="bp3-tab-panel_logsAndUsage_name"
          role="tabpanel"
        >
          <div
            class="StyledProps--font StyledProps--main PageBody--pageBody pageContainer"
            data-name="page-body"
          >
            <p
              class="StyledProps--font StyledProps--main"
              style="align-self: center;"
            >
              ce.co.noData
            </p>
          </div>
        </div>
      </div>
    </div>
  </div>
</div>
`;
