// Jest Snapshot v1, https://goo.gl/fbAQLP

exports[`<StepTemplateForm /> tests snapshot test 1`] = `
<div>
  <div
    class="StyledProps--font StyledProps--main StyledProps--background-form"
  >
    <div
      class="step-commands-mock"
    >
      <button>
        onChange Button
      </button>
    </div>
  </div>
</div>
`;
