// Jest Snapshot v1, https://goo.gl/fbAQLP

exports[`test cases for recommendation tabs should be able to render recommendation tabs 1`] = `
<div>
  <div
    class="StyledProps--font StyledProps--main preferences"
  >
    <div
      class="Layout--vertical Layout--layout-spacing-medium StyledProps--main"
    >
      <div
        class="StyledProps--font StyledProps--main"
      >
        <p
          class="StyledProps--font StyledProps--main StyledProps--font-variation-small-semi"
        >
          ce.nodeRecommendation.prefResourceNeeds
        </p>
        <div
          class="Layout--horizontal Layout--layout-spacing-medium StyledProps--main StyledProps--flex StyledProps--flex-justifyContent-space-between StyledProps--margin-top-small"
        >
          <div
            class="Layout--horizontal Layout--layout-spacing-medium StyledProps--main"
          >
            <div
              class="StyledProps--font StyledProps--main"
            >
              <div
                class="Layout--vertical Layout--layout-spacing-small StyledProps--main"
              >
                <div
                  class="StyledProps--font StyledProps--main StyledProps--flex StyledProps--flex-justifyContent-space-between"
                >
                  <span
                    class="StyledProps--font StyledProps--main StyledProps--padding-right-small StyledProps--inline StyledProps--color StyledProps--color-grey500 StyledProps--font-variation-small-semi"
                  >
                    ce.nodeRecommendation.cpus
                  </span>
                  <div
                    class="TextInput--main input"
                  >
                    <div
                      class="bp3-input-group"
                    >
                      <input
                        class="bp3-input"
                        type="text"
                        value="30"
                      />
                    </div>
                  </div>
                </div>
                <div
                  class="StyledProps--font StyledProps--main StyledProps--flex StyledProps--flex-justifyContent-space-between"
                >
                  <span
                    class="StyledProps--font StyledProps--main StyledProps--padding-right-small StyledProps--inline StyledProps--color StyledProps--color-grey500 StyledProps--font-variation-small-semi"
                  >
                    ce.nodeRecommendation.mem
                  </span>
                  <div
                    class="TextInput--main input"
                  >
                    <div
                      class="bp3-input-group"
                    >
                      <input
                        class="bp3-input"
                        type="text"
                        value="120"
                      />
                    </div>
                  </div>
                </div>
              </div>
            </div>
            <div
              class="StyledProps--font StyledProps--main StyledProps--flex StyledProps--flex-justifyContent-center"
            >
              <div
                class="StyledProps--font StyledProps--main"
                style="border-width: 1px; border-style: solid; border-left: 0; width: 14px; height: 60px;"
              />
            </div>
            <div
              class="StyledProps--font StyledProps--main StyledProps--flex StyledProps--flex-justifyContent-center StyledProps--margin-right-small"
            >
              <span
                class="bp3-icon bp3-icon-plus StyledProps--main StyledProps--color StyledProps--color-grey700"
                icon="plus"
              >
                <svg
                  data-icon="plus"
                  height="12"
                  viewBox="0 0 16 16"
                  width="12"
                >
                  <desc>
                    plus
                  </desc>
                  <path
                    d="M13 7H9V3c0-.55-.45-1-1-1s-1 .45-1 1v4H3c-.55 0-1 .45-1 1s.45 1 1 1h4v4c0 .55.45 1 1 1s1-.45 1-1V9h4c.55 0 1-.45 1-1s-.45-1-1-1z"
                    fill-rule="evenodd"
                  />
                </svg>
              </span>
            </div>
          </div>
          <div
            class="StyledProps--font StyledProps--main"
            style="width: 60%;"
          >
            <div
              class="Layout--vertical StyledProps--main"
            >
              <div
                class="Layout--horizontal StyledProps--main"
                style="justify-content: space-between;"
              >
                <p
                  class="StyledProps--font StyledProps--main StyledProps--font-variation-small-semi"
                  style="display: flex; align-items: center;"
                >
                  ce.nodeRecommendation.buffer
                  <span
                    class="bp3-icon StyledProps--main Text--icon StyledProps--padding-left-xsmall"
                    data-icon="info"
                  >
                    <svg
                      height="12"
                      viewBox="0 0 12 12"
                      width="12"
                      xmlns="http://www.w3.org/2000/svg"
                    >
                      <path
                        clip-rule="evenodd"
                        d="M0 6a6 6 0 1012 0A6 6 0 000 6zm.75 0a5.25 5.25 0 1010.5 0A5.25 5.25 0 00.75 6zm4.206 3.104v.646h2.682v-.646l-.836-.144V4.203H4.956v.65l.836.144V8.96l-.836.144zm1.846-7.352v1.03h-1.01v-1.03h1.01z"
                        fill-rule="evenodd"
                      />
                    </svg>
                  </span>
                </p>
                <p
                  class="StyledProps--font StyledProps--main StyledProps--font-variation-small-semi StyledProps--color StyledProps--color-grey400"
                >
                  0%
                </p>
              </div>
              <div
                class="bp3-slider bp3-slider-unlabeled bufferSlider"
              >
                <div
                  class="bp3-slider-track"
                >
                  <div
                    class="bp3-slider-progress bp3-intent-primary"
                    style="left: 0.00%; right: 100.00%; top: 0px;"
                  />
                  <div
                    class="bp3-slider-progress"
                    style="left: 0.00%; right: 100.00%; top: 0px;"
                  />
                  <div
                    class="bp3-slider-progress"
                    style="left: 0.00%; right: 0.00%; top: 0px;"
                  />
                </div>
                <div
                  class="bp3-slider-axis"
                />
                <span
                  class="bp3-slider-handle"
                  style="left: calc(0.00% - 0px);"
                  tabindex="0"
                />
              </div>
              <div
                class="StyledProps--font StyledProps--main"
              >
                <span
                  class="StyledProps--font StyledProps--main StyledProps--inline StyledProps--font-variation-small"
                >
                  delegate.delegateCPU: 30 vCPU 
                </span>
                <span
                  class="StyledProps--font StyledProps--main StyledProps--inline StyledProps--font-variation-small"
                >
                  ce.nodeRecommendation.ram: 120 GiB
                </span>
              </div>
            </div>
          </div>
        </div>
        <div
          class="Layout--horizontal Layout--layout-spacing-medium StyledProps--main StyledProps--padding-top-medium"
        >
          <div
            class="StyledProps--font StyledProps--main"
          >
            <div
              class="Layout--vertical Layout--layout-spacing-small StyledProps--main"
            >
              <p
                class="StyledProps--font StyledProps--main StyledProps--font-variation-small-semi"
              >
                ce.nodeRecommendation.largestWorkloadReq
              </p>
              <div
                class="StyledProps--font StyledProps--main StyledProps--flex StyledProps--flex-justifyContent-space-between"
                style="width: 75%;"
              >
                <span
                  class="StyledProps--font StyledProps--main StyledProps--inline StyledProps--color StyledProps--color-grey500 StyledProps--font-variation-small-semi"
                >
                  ce.nodeRecommendation.cpus
                </span>
                <div
                  class="TextInput--main input"
                >
                  <div
                    class="bp3-input-group"
                  >
                    <input
                      class="bp3-input"
                      type="text"
                      value="44"
                    />
                  </div>
                </div>
              </div>
              <div
                class="StyledProps--font StyledProps--main StyledProps--flex StyledProps--flex-justifyContent-space-between"
                style="width: 75%;"
              >
                <span
                  class="StyledProps--font StyledProps--main StyledProps--inline StyledProps--color StyledProps--color-grey500 StyledProps--font-variation-small-semi"
                >
                  ce.nodeRecommendation.mem
                </span>
                <div
                  class="TextInput--main input"
                >
                  <div
                    class="bp3-input-group"
                  >
                    <input
                      class="bp3-input"
                      type="text"
                      value="100"
                    />
                  </div>
                </div>
              </div>
            </div>
          </div>
          <div
            class="StyledProps--font StyledProps--main StyledProps--padding-left-large"
          >
            <div
              class="Layout--vertical Layout--layout-spacing-small StyledProps--main"
            >
              <p
                class="StyledProps--font StyledProps--main StyledProps--font-variation-small-semi"
              >
                ce.nodeRecommendation.prefMinNodeCount
              </p>
              <div
                class="Layout--horizontal Layout--layout-spacing-small StyledProps--main minNodeContainer"
              >
                <button
                  class="bp3-button Button--button StyledProps--font StyledProps--main Button--with-current-color Button--iconOnly Button--withLeftIcon Button--variation Button--variation-secondary"
                  type="button"
                >
                  <span
                    class="bp3-icon bp3-icon-minus StyledProps--main"
                    icon="minus"
                  >
                    <svg
                      data-icon="minus"
                      height="16"
                      viewBox="0 0 16 16"
                      width="16"
                    >
                      <desc>
                        minus
                      </desc>
                      <path
                        d="M13 7H3c-.55 0-1 .45-1 1s.45 1 1 1h10c.55 0 1-.45 1-1s-.45-1-1-1z"
                        fill-rule="evenodd"
                      />
                    </svg>
                  </span>
                </button>
                <div
                  class="TextInput--main minNodeInput"
                >
                  <div
                    class="bp3-input-group"
                  >
                    <input
                      class="bp3-input"
                      type="text"
                      value="10"
                    />
                  </div>
                </div>
                <button
                  class="bp3-button Button--button StyledProps--font StyledProps--main Button--with-current-color Button--iconOnly Button--withLeftIcon Button--variation Button--variation-secondary"
                  type="button"
                >
                  <span
                    class="bp3-icon bp3-icon-plus StyledProps--main"
                    icon="plus"
                  >
                    <svg
                      data-icon="plus"
                      height="16"
                      viewBox="0 0 16 16"
                      width="16"
                    >
                      <desc>
                        plus
                      </desc>
                      <path
                        d="M13 7H9V3c0-.55-.45-1-1-1s-1 .45-1 1v4H3c-.55 0-1 .45-1 1s.45 1 1 1h4v4c0 .55.45 1 1 1s1-.45 1-1V9h4c.55 0 1-.45 1-1s-.45-1-1-1z"
                        fill-rule="evenodd"
                      />
                    </svg>
                  </span>
                </button>
              </div>
            </div>
          </div>
        </div>
      </div>
    </div>
  </div>
</div>
`;
